<?xml version="1.0" encoding="utf-8"?>
<TestRun id="754aa66a-6f4f-43be-8ad1-d698c7e143e3" name="runneradmin@fv-az1760-255 2025-05-29 05:55:55" runUser="fv-az1760-255\runneradmin" xmlns="http://microsoft.com/schemas/VisualStudio/TeamTest/2010">
  <Times creation="2025-05-29T05:55:55.7173320+00:00" queuing="2025-05-29T05:55:55.7173323+00:00" start="2025-05-29T05:55:49.5801684+00:00" finish="2025-05-29T05:55:55.7227739+00:00" />
  <TestSettings name="default" id="1757af49-8340-4584-bebe-f6ee2fb71ec1">
    <Deployment runDeploymentRoot="runneradmin_fv-az1760-255_2025-05-29_05_55_55" />
  </TestSettings>
  <Results>
    <UnitTestResult executionId="a90fd9c7-a3be-4e1f-b00f-692eed65c7e4" testId="b2b79731-bdad-3c6b-c048-40ebe23479cf" testName="TestOsVersionServiceIntegration (500)" computerName="fv-az1760-255" duration="00:00:00.0129784" startTime="2025-05-29T05:55:55.3435794+00:00" endTime="2025-05-29T05:55:55.5724569+00:00" testType="13cdc9d9-ddb5-4fa4-a97d-d965ccfc6d4b" outcome="Passed" testListId="8c84fa94-04c1-424b-9868-57a2d4851a1d" relativeResultsDirectory="a90fd9c7-a3be-4e1f-b00f-692eed65c7e4">
      <Output>
        <StdOut>Microsoft Windows 10.0.20348</StdOut>
      </Output>
    </UnitTestResult>
    <UnitTestResult executionId="b9a78846-4547-4233-b371-17cd6e36a0bc" testId="99ac644f-f15f-7aab-97ed-bdd1b1597d0f" testName="TestOsVersionServiceIntegration (200)" computerName="fv-az1760-255" duration="00:00:00.0129769" startTime="2025-05-29T05:55:55.3436391+00:00" endTime="2025-05-29T05:55:55.5724570+00:00" testType="13cdc9d9-ddb5-4fa4-a97d-d965ccfc6d4b" outcome="Passed" testListId="8c84fa94-04c1-424b-9868-57a2d4851a1d" relativeResultsDirectory="b9a78846-4547-4233-b371-17cd6e36a0bc">
      <Output>
        <StdOut>Microsoft Windows 10.0.20348</StdOut>
      </Output>
    </UnitTestResult>
    <UnitTestResult executionId="c55f8623-091a-4731-b90a-a87990d83a96" testId="22bfdc5d-0a92-811f-9df7-29a921d16c2e" testName="Versioning (100)" computerName="fv-az1760-255" duration="00:00:00.0064605" startTime="2025-05-29T05:55:55.5800843+00:00" endTime="2025-05-29T05:55:55.5867271+00:00" testType="13cdc9d9-ddb5-4fa4-a97d-d965ccfc6d4b" outcome="Passed" testListId="8c84fa94-04c1-424b-9868-57a2d4851a1d" relativeResultsDirectory="c55f8623-091a-4731-b90a-a87990d83a96">
      <Output>
        <StdOut>20250-62100   2/16/2025 12:00:00 AM&#xD;
20250-62156   2/16/2025 1:00:00 AM&#xD;
20250-62212   2/16/2025 2:00:00 AM&#xD;
20250-62268   2/16/2025 3:00:00 AM&#xD;
20250-62325   2/16/2025 4:00:00 AM&#xD;
20250-62381   2/16/2025 5:00:00 AM&#xD;
20250-62437   2/16/2025 6:00:00 AM&#xD;
20250-62493   2/16/2025 7:00:00 AM&#xD;
20250-62550   2/16/2025 8:00:00 AM&#xD;
20250-62606   2/16/2025 9:00:00 AM&#xD;
20250-62662   2/16/2025 10:00:00 AM&#xD;
20250-62718   2/16/2025 11:00:00 AM&#xD;
20250-62775   2/16/2025 12:00:00 PM&#xD;
20250-62831   2/16/2025 1:00:00 PM&#xD;
20250-62887   2/16/2025 2:00:00 PM&#xD;
20250-62943   2/16/2025 3:00:00 PM&#xD;
20250-63000   2/16/2025 4:00:00 PM&#xD;
20250-63056   2/16/2025 5:00:00 PM&#xD;
20250-63112   2/16/2025 6:00:00 PM&#xD;
20250-63168   2/16/2025 7:00:00 PM&#xD;
20250-63225   2/16/2025 8:00:00 PM&#xD;
20250-63281   2/16/2025 9:00:00 PM&#xD;
20250-63337   2/16/2025 10:00:00 PM&#xD;
20250-63393   2/16/2025 11:00:00 PM</StdOut>
      </Output>
    </UnitTestResult>
    <UnitTestResult executionId="05773991-5d40-4090-af48-7aec10bd5dd4" testId="7c29a437-1a80-dbfb-d3c8-176325bf7082" testName="FooTest (100)" computerName="fv-az1760-255" duration="00:00:00.0126603" startTime="2025-05-29T05:55:55.5800830+00:00" endTime="2025-05-29T05:55:55.6049585+00:00" testType="13cdc9d9-ddb5-4fa4-a97d-d965ccfc6d4b" outcome="Passed" testListId="8c84fa94-04c1-424b-9868-57a2d4851a1d" relativeResultsDirectory="05773991-5d40-4090-af48-7aec10bd5dd4">
      <Output>
        <StdOut>SSE  : True&#xD;
SSE2 : True&#xD;
SSE3 : True&#xD;
SSSE3: True&#xD;
SSE4.1: True&#xD;
SSE4.2: True&#xD;
AES     : True&#xD;
PCLMULQDQ: True&#xD;
AVX  : True&#xD;
AVX2 : True&#xD;
FMA  : True</StdOut>
      </Output>
    </UnitTestResult>
    <UnitTestResult executionId="a829954b-87de-4cd6-92e0-ef769d42e9ea" testId="d9d63901-8bcc-d786-27c6-2227bef766c5" testName="TestOsVersionServiceIntegration (100)" computerName="fv-az1760-255" duration="00:00:00.0129772" startTime="2025-05-29T05:55:55.3436564+00:00" endTime="2025-05-29T05:55:55.5724569+00:00" testType="13cdc9d9-ddb5-4fa4-a97d-d965ccfc6d4b" outcome="Passed" testListId="8c84fa94-04c1-424b-9868-57a2d4851a1d" relativeResultsDirectory="a829954b-87de-4cd6-92e0-ef769d42e9ea">
      <Output>
        <StdOut>Microsoft Windows 10.0.20348</StdOut>
      </Output>
    </UnitTestResult>
  </Results>
  <TestDefinitions>
    <UnitTest name="Versioning (100)" storage="d:\a\blackbytesbox.distributed.bbdist\blackbytesbox.distributed.bbdist\source\blackbytesbox.distributed.bbdist\projectitems\blackbytesbox.distributed.bbdist.tests\bin\release\net6.0\blackbytesbox.distributed.bbdist.tests.dll" id="22bfdc5d-0a92-811f-9df7-29a921d16c2e">
      <Execution id="c55f8623-091a-4731-b90a-a87990d83a96" />
      <TestMethod codeBase="D:\a\BlackBytesBox.Distributed.bbdist\BlackBytesBox.Distributed.bbdist\source\BlackBytesBox.Distributed.bbdist\ProjectItems\BlackBytesBox.Distributed.bbdist.Tests\bin\Release\net6.0\BlackBytesBox.Distributed.bbdist.Tests.dll" adapterTypeName="executor://mstestadapter/v2" className="BlackBytesBox.Distributed.bbdist.Tests.OsVersionServiceTests" name="Versioning" />
    </UnitTest>
    <UnitTest name="TestOsVersionServiceIntegration (100)" storage="d:\a\blackbytesbox.distributed.bbdist\blackbytesbox.distributed.bbdist\source\blackbytesbox.distributed.bbdist\projectitems\blackbytesbox.distributed.bbdist.tests\bin\release\net6.0\blackbytesbox.distributed.bbdist.tests.dll" id="d9d63901-8bcc-d786-27c6-2227bef766c5">
      <Execution id="a829954b-87de-4cd6-92e0-ef769d42e9ea" />
      <TestMethod codeBase="D:\a\BlackBytesBox.Distributed.bbdist\BlackBytesBox.Distributed.bbdist\source\BlackBytesBox.Distributed.bbdist\ProjectItems\BlackBytesBox.Distributed.bbdist.Tests\bin\Release\net6.0\BlackBytesBox.Distributed.bbdist.Tests.dll" adapterTypeName="executor://mstestadapter/v2" className="BlackBytesBox.Distributed.bbdist.Tests.OsVersionServiceTests" name="TestOsVersionServiceIntegration" />
    </UnitTest>
    <UnitTest name="FooTest (100)" storage="d:\a\blackbytesbox.distributed.bbdist\blackbytesbox.distributed.bbdist\source\blackbytesbox.distributed.bbdist\projectitems\blackbytesbox.distributed.bbdist.tests\bin\release\net6.0\blackbytesbox.distributed.bbdist.tests.dll" id="7c29a437-1a80-dbfb-d3c8-176325bf7082">
      <Execution id="05773991-5d40-4090-af48-7aec10bd5dd4" />
      <TestMethod codeBase="D:\a\BlackBytesBox.Distributed.bbdist\BlackBytesBox.Distributed.bbdist\source\BlackBytesBox.Distributed.bbdist\ProjectItems\BlackBytesBox.Distributed.bbdist.Tests\bin\Release\net6.0\BlackBytesBox.Distributed.bbdist.Tests.dll" adapterTypeName="executor://mstestadapter/v2" className="BlackBytesBox.Distributed.bbdist.Tests.OsVersionServiceTests" name="FooTest" />
    </UnitTest>
    <UnitTest name="TestOsVersionServiceIntegration (200)" storage="d:\a\blackbytesbox.distributed.bbdist\blackbytesbox.distributed.bbdist\source\blackbytesbox.distributed.bbdist\projectitems\blackbytesbox.distributed.bbdist.tests\bin\release\net6.0\blackbytesbox.distributed.bbdist.tests.dll" id="99ac644f-f15f-7aab-97ed-bdd1b1597d0f">
      <Execution id="b9a78846-4547-4233-b371-17cd6e36a0bc" />
      <TestMethod codeBase="D:\a\BlackBytesBox.Distributed.bbdist\BlackBytesBox.Distributed.bbdist\source\BlackBytesBox.Distributed.bbdist\ProjectItems\BlackBytesBox.Distributed.bbdist.Tests\bin\Release\net6.0\BlackBytesBox.Distributed.bbdist.Tests.dll" adapterTypeName="executor://mstestadapter/v2" className="BlackBytesBox.Distributed.bbdist.Tests.OsVersionServiceTests" name="TestOsVersionServiceIntegration" />
    </UnitTest>
    <UnitTest name="TestOsVersionServiceIntegration (500)" storage="d:\a\blackbytesbox.distributed.bbdist\blackbytesbox.distributed.bbdist\source\blackbytesbox.distributed.bbdist\projectitems\blackbytesbox.distributed.bbdist.tests\bin\release\net6.0\blackbytesbox.distributed.bbdist.tests.dll" id="b2b79731-bdad-3c6b-c048-40ebe23479cf">
      <Execution id="a90fd9c7-a3be-4e1f-b00f-692eed65c7e4" />
      <TestMethod codeBase="D:\a\BlackBytesBox.Distributed.bbdist\BlackBytesBox.Distributed.bbdist\source\BlackBytesBox.Distributed.bbdist\ProjectItems\BlackBytesBox.Distributed.bbdist.Tests\bin\Release\net6.0\BlackBytesBox.Distributed.bbdist.Tests.dll" adapterTypeName="executor://mstestadapter/v2" className="BlackBytesBox.Distributed.bbdist.Tests.OsVersionServiceTests" name="TestOsVersionServiceIntegration" />
    </UnitTest>
  </TestDefinitions>
  <TestEntries>
    <TestEntry testId="b2b79731-bdad-3c6b-c048-40ebe23479cf" executionId="a90fd9c7-a3be-4e1f-b00f-692eed65c7e4" testListId="8c84fa94-04c1-424b-9868-57a2d4851a1d" />
    <TestEntry testId="99ac644f-f15f-7aab-97ed-bdd1b1597d0f" executionId="b9a78846-4547-4233-b371-17cd6e36a0bc" testListId="8c84fa94-04c1-424b-9868-57a2d4851a1d" />
    <TestEntry testId="22bfdc5d-0a92-811f-9df7-29a921d16c2e" executionId="c55f8623-091a-4731-b90a-a87990d83a96" testListId="8c84fa94-04c1-424b-9868-57a2d4851a1d" />
    <TestEntry testId="7c29a437-1a80-dbfb-d3c8-176325bf7082" executionId="05773991-5d40-4090-af48-7aec10bd5dd4" testListId="8c84fa94-04c1-424b-9868-57a2d4851a1d" />
    <TestEntry testId="d9d63901-8bcc-d786-27c6-2227bef766c5" executionId="a829954b-87de-4cd6-92e0-ef769d42e9ea" testListId="8c84fa94-04c1-424b-9868-57a2d4851a1d" />
  </TestEntries>
  <TestLists>
    <TestList name="Results Not in a List" id="8c84fa94-04c1-424b-9868-57a2d4851a1d" />
    <TestList name="All Loaded Results" id="19431567-8539-422a-85d7-44ee4e166bda" />
  </TestLists>
  <ResultSummary outcome="Completed">
    <Counters total="5" executed="5" passed="5" failed="0" error="0" timeout="0" aborted="0" inconclusive="0" passedButRunAborted="0" notRunnable="0" notExecuted="0" disconnected="0" warning="0" completed="0" inProgress="0" pending="0" />
    <Output>
      <StdOut>Test Parallelization enabled for D:\a\BlackBytesBox.Distributed.bbdist\BlackBytesBox.Distributed.bbdist\source\BlackBytesBox.Distributed.bbdist\ProjectItems\BlackBytesBox.Distributed.bbdist.Tests\bin\Release\net6.0\BlackBytesBox.Distributed.bbdist.Tests.dll (Workers: 4, Scope: MethodLevel)&#xD;
</StdOut>
    </Output>
  </ResultSummary>
</TestRun>